// Jest Snapshot v1, https://goo.gl/fbAQLP

exports[`cature poster component should renders correctly 1`] = `
<View
  style={
    Array [
      Object {
        "flex": 1,
      },
      undefined,
    ]
  }
>
  <View
    style={
      Object {
        "flex": 1,
      }
    }
  >
    <View
      style={
        Object {
          "alignItems": "center",
          "backgroundColor": "transparent",
          "flex": 1,
          "justifyContent": "center",
          "minHeight": 100,
        }
      }
    >
      <ActivityIndicator
        animating={true}
        color="#999999"
        hidesWhenStopped={true}
        size="large"
      />
    </View>
  </View>
</View>
`;
