// Jest Snapshot v1, https://goo.gl/fbAQLP

exports[`cature gallery component should renders correctly 1`] = `
<View
  style={
    Object {
      "flex": 1,
    }
  }
>
  <View
    style={
      Object {
        "alignItems": "center",
        "backgroundColor": "transparent",
        "flex": 1,
        "justifyContent": "center",
        "minHeight": 100,
      }
    }
  >
    <ActivityIndicator
      animating={true}
      color="#999999"
      hidesWhenStopped={true}
      size="large"
    />
  </View>
</View>
`;
