// Jest Snapshot v1, https://goo.gl/fbAQLP

exports[`renders correctly 1`] = `
<View>
  <View
    style={
      Array [
        Object {
          "display": "flex",
          "flexDirection": "row",
          "height": 42,
          "paddingTop": 0,
        },
        undefined,
        undefined,
        undefined,
      ]
    }
  >
    <View
      style={
        Object {
          "flex": 1,
          "flexDirection": "row",
          "justifyContent": "flex-start",
          "paddingLeft": 20,
          "paddingRight": 20,
        }
      }
    />
  </View>
</View>
`;
