// Jest Snapshot v1, https://goo.gl/fbAQLP

exports[`channel actions component should renders correctly 1`] = `
<View
  style={
    Array [
      Object {
        "flexDirection": "row",
        "justifyContent": "flex-end",
      },
      Object {
        "marginTop": 10,
      },
    ]
  }
>
  <View
    accessibilityLabel="More"
    accessible={true}
    focusable={true}
    isTVSelectable={true}
    onClick={[Function]}
    onResponderGrant={[Function]}
    onResponderMove={[Function]}
    onResponderRelease={[Function]}
    onResponderTerminate={[Function]}
    onResponderTerminationRequest={[Function]}
    onStartShouldSetResponder={[Function]}
    style={
      Object {
        "backgroundColor": "#5DBAC0",
        "borderRadius": 36,
        "flexDirection": "row",
        "justifyContent": "center",
        "marginLeft": 5,
        "opacity": 1,
      }
    }
    testID="MoreButton"
  >
    <Text
      style={
        Array [
          Object {
            "color": "white",
          },
          Array [
            Object {
              "marginLeft": 5,
            },
            Object {
              "marginRight": 5,
            },
          ],
        ]
      }
    >
       
      More
       
    </Text>
  </View>
</View>
`;
