// Jest Snapshot v1, https://goo.gl/fbAQLP

exports[`renders correctly 1`] = `
<View
  style={
    Object {
      "flexDirection": "row",
      "flexWrap": "wrap",
    }
  }
>
  <Text
    onPress={[Function]}
  >
    100 tokens 
    <Text>
      for
       
      <Text
        style={
          Object {
            "fontWeight": "600",
          }
        }
      >
        some title
      </Text>
    </Text>
     were accepted.
  </Text>
</View>
`;
