// Jest Snapshot v1, https://goo.gl/fbAQLP

exports[`renders correctly 1`] = `
<View
  style={
    Object {
      "flexDirection": "row",
      "flexWrap": "wrap",
    }
  }
>
  <Text
    onPress={[Function]}
  >
    Your boost 
    <Text>
      for
       
      <Text
        style={
          Object {
            "fontWeight": "600",
          }
        }
      >
        some title
      </Text>
    </Text>
     was rejected for . Your points have been credited back to your wallet.
  </Text>
</View>
`;
