// Jest Snapshot v1, https://goo.gl/fbAQLP

exports[`renders correctly 1`] = `
<View
  style={
    Object {
      "flexDirection": "row",
      "flexWrap": "wrap",
    }
  }
>
  <Text
    onPress={[Function]}
  >
    <Text
      onPress={[Function]}
      style={
        Object {
          "fontWeight": "bold",
        }
      }
    >
      @
      someUser
    </Text>
     
    is offering
     
    <Text
      style={
        Object {
          "fontWeight": "bold",
        }
      }
    >
      0
       
      Tokens
       
      <Text>
        for
         
        <Text
          style={
            Object {
              "fontWeight": "600",
            }
          }
        >
          some title
        </Text>
      </Text>
    </Text>
  </Text>
</View>
`;
