// Jest Snapshot v1, https://goo.gl/fbAQLP

exports[`renders correctly 1`] = `
<View
  accessible={true}
  focusable={true}
  isTVSelectable={true}
  onClick={[Function]}
  onResponderGrant={[Function]}
  onResponderMove={[Function]}
  onResponderRelease={[Function]}
  onResponderTerminate={[Function]}
  onResponderTerminationRequest={[Function]}
  onStartShouldSetResponder={[Function]}
  style={
    Object {
      "opacity": 1,
    }
  }
>
  <Text>
    <Text
      style={
        Object {
          "fontWeight": "600",
        }
      }
    >
      someUser
    </Text>
    <Text>
       
      commented on
       
    </Text>
    <Text
      style={
        Object {
          "fontWeight": "600",
        }
      }
    >
      some owner's activity
    </Text>
  </Text>
</View>
`;
