// Jest Snapshot v1, https://goo.gl/fbAQLP

exports[`renders correctly 1`] = `
<View
  style={
    Object {
      "flexDirection": "row",
      "flexWrap": "wrap",
    }
  }
>
  <Text
    onPress={[Function]}
  >
    You were kicked off from someGroup
  </Text>
</View>
`;
