// Jest Snapshot v1, https://goo.gl/fbAQLP

exports[`renders correctly 1`] = `
<View
  style={
    Object {
      "flexDirection": "row",
      "flexWrap": "wrap",
    }
  }
>
  <Text>
    You can gain more reach by boosting your content. Hit the blue boost icon on your posts.
  </Text>
</View>
`;
