// Jest Snapshot v1, https://goo.gl/fbAQLP

exports[`renders correctly 1`] = `
<View
  style={
    Object {
      "flexDirection": "row",
      "flexWrap": "wrap",
    }
  }
>
  <Text>
    Welcome to Minds. We have given you
     
    <Text
      style={
        Object {
          "fontWeight": "600",
        }
      }
    >
      100 points
    </Text>
     to get you started.
  </Text>
</View>
`;
