// Jest Snapshot v1, https://goo.gl/fbAQLP

exports[`channel header component owner should render correctly 1`] = `
<View>
  <View
    accessible={true}
    focusable={true}
    isTVSelectable={true}
    onClick={[Function]}
    onResponderGrant={[Function]}
    onResponderMove={[Function]}
    onResponderRelease={[Function]}
    onResponderTerminate={[Function]}
    onResponderTerminationRequest={[Function]}
    onStartShouldSetResponder={[Function]}
    style={
      Object {
        "opacity": 1,
      }
    }
  >
    <View
      style={
        Array [
          Object {
            "overflow": "hidden",
          },
          undefined,
        ]
      }
    >
      <FastImageView
        resizeMode="cover"
        source={
          Object {
            "headers": Object {
              "App-Version": "3.8.0",
              "Cache-Control": "no-cache, no-store, must-revalidate",
              "Pragma": "no-cache",
            },
            "uri": "https://cdn.minds.com/fs/v1/banners/1/fat/1523515420",
          }
        }
        style={
          Object {
            "bottom": 0,
            "left": 0,
            "position": "absolute",
            "right": 0,
            "top": 0,
          }
        }
      />
    </View>
  </View>
  <View
    style={
      Array [
        Object {
          "alignItems": "center",
          "flexDirection": "row",
        },
        Object {
          "position": "absolute",
          "right": 5,
          "top": 160,
        },
      ]
    }
  >
    <Text
      allowFontScaling={false}
      style={
        Array [
          Object {
            "color": undefined,
            "fontSize": 25,
          },
          Object {
            "color": "#fff",
            "marginLeft": 5,
            "paddingBottom": 5,
            "shadowOpacity": 0.35,
            "textShadowColor": "#000000",
            "textShadowOffset": Object {
              "height": 1,
              "width": 1,
            },
            "textShadowRadius": 5,
          },
          Object {
            "fontFamily": "Material Icons",
            "fontStyle": "normal",
            "fontWeight": "normal",
          },
          Object {},
        ]
      }
    >
      
    </Text>
    <Text
      allowFontScaling={false}
      style={
        Array [
          Object {
            "color": undefined,
            "fontSize": 25,
          },
          Object {
            "color": "#fff",
            "marginLeft": 5,
            "paddingBottom": 5,
            "shadowOpacity": 0.35,
            "textShadowColor": "#000000",
            "textShadowOffset": Object {
              "height": 1,
              "width": 1,
            },
            "textShadowRadius": 5,
          },
          Object {
            "fontFamily": "Material Icons",
            "fontStyle": "normal",
            "fontWeight": "normal",
          },
          Object {},
        ]
      }
    >
      
    </Text>
  </View>
  <View
    style={
      Array [
        undefined,
        undefined,
      ]
    }
  >
    <View>
      <View
        accessible={true}
        focusable={true}
        isTVSelectable={true}
        onClick={[Function]}
        onResponderGrant={[Function]}
        onResponderMove={[Function]}
        onResponderRelease={[Function]}
        onResponderTerminate={[Function]}
        onResponderTerminationRequest={[Function]}
        onStartShouldSetResponder={[Function]}
        style={
          Array [
            undefined,
          ]
        }
      >
        <View
          style={null}
          testID="SubscribersView"
        >
          <Text
            style={
              Array [
                undefined,
                undefined,
              ]
            }
          >
            SUBSCRIBERS
          </Text>
          <Text
            style={
              Array [
                undefined,
                undefined,
              ]
            }
          >
            50
          </Text>
        </View>
      </View>
      <View
        testID="ViewsView"
      >
        <Text
          style={
            Array [
              undefined,
              undefined,
            ]
          }
        >
          VIEWS
        </Text>
        <Text
          style={
            Array [
              undefined,
              undefined,
            ]
          }
        >
          100
        </Text>
      </View>
    </View>
    <View>
      <View>
        <View
          style={
            Object {
              "alignItems": "center",
              "flexDirection": "row",
            }
          }
          testID="ChannelNameView"
        >
          <Text
            ellipsizeMode="tail"
            numberOfLines={1}
            style={
              Array [
                undefined,
                undefined,
              ]
            }
          >
            Some User
          </Text>
        </View>
        <Text>
          @
          someusermane
        </Text>
      </View>
    </View>
    <View>
      <View
        style={
          Array [
            Object {
              "flexDirection": "row",
              "justifyContent": "flex-end",
            },
            Object {
              "marginTop": 10,
            },
          ]
        }
      >
        <View
          accessibilityLabel="Edit your channel settings"
          accessible={true}
          focusable={true}
          isTVSelectable={true}
          onClick={[Function]}
          onResponderGrant={[Function]}
          onResponderMove={[Function]}
          onResponderRelease={[Function]}
          onResponderTerminate={[Function]}
          onResponderTerminationRequest={[Function]}
          onStartShouldSetResponder={[Function]}
          style={
            Object {
              "backgroundColor": "#5DBAC0",
              "borderRadius": 36,
              "flexDirection": "row",
              "justifyContent": "center",
              "marginLeft": 5,
              "opacity": 1,
            }
          }
          testID="EditButton"
        >
          <Text
            style={
              Array [
                Object {
                  "color": "white",
                },
                undefined,
              ]
            }
          >
             
            Edit
             
          </Text>
        </View>
      </View>
    </View>
    <View
      style={
        Object {
          "paddingTop": 10,
        }
      }
    >
      <View
        style={
          Object {
            "height": undefined,
          }
        }
      >
        <Text
          numberOfLines={0}
        >
          <Text
            selectable={true}
          />
        </Text>
      </View>
    </View>
  </View>
  <View
    accessible={true}
    focusable={true}
    isTVSelectable={true}
    onClick={[Function]}
    onResponderGrant={[Function]}
    onResponderMove={[Function]}
    onResponderRelease={[Function]}
    onResponderTerminate={[Function]}
    onResponderTerminationRequest={[Function]}
    onStartShouldSetResponder={[Function]}
    style={
      Object {
        "opacity": 1,
      }
    }
  >
    <Image />
  </View>
</View>
`;
