// Jest Snapshot v1, https://goo.gl/fbAQLP

exports[`Boost action component renders correctly 1`] = `
<View
  style={
    Array [
      Object {
        "flex": 1,
      },
      Object {
        "flexDirection": "row",
        "justifyContent": "center",
      },
    ]
  }
>
  <View
    accessible={true}
    focusable={true}
    isTVSelectable={true}
    onClick={[Function]}
    onResponderGrant={[Function]}
    onResponderMove={[Function]}
    onResponderRelease={[Function]}
    onResponderTerminate={[Function]}
    onResponderTerminationRequest={[Function]}
    onStartShouldSetResponder={[Function]}
    style={
      Array [
        Object {
          "flex": 1,
        },
        Object {
          "flexDirection": "row",
          "justifyContent": "center",
        },
        Object {
          "alignItems": "center",
          "borderColor": "#4690D6",
          "borderRadius": 20,
          "borderWidth": 1,
          "margin": 4,
          "padding": 4,
        },
        Object {
          "backgroundColor": "transparent",
        },
        undefined,
      ]
    }
  >
    <Text
      adjustsFontSizeToFit={true}
      numberOfLines={1}
      style={
        Array [
          Object {
            "fontFamily": "Roboto",
            "fontSize": 12,
            "paddingLeft": 2,
            "paddingRight": 2,
          },
          undefined,
        ]
      }
    >
      BOOST
    </Text>
  </View>
</View>
`;
