// Jest Snapshot v1, https://goo.gl/fbAQLP

exports[`Comment action component renders correctly 1`] = `
<preventDoubleTap(TouchableOpacity)
  onPress={[Function]}
  style={
    Array [
      Object {
        "flex": 1,
      },
      Object {
        "alignContent": "center",
        "alignItems": "center",
        "alignSelf": "center",
        "justifyContent": "center",
      },
      Object {
        "flexDirection": "row",
        "justifyContent": "center",
      },
    ]
  }
>
  <Icon
    allowFontScaling={false}
    name="speaker-notes-off"
    size={20}
    style={
      Array [
        Object {
          "color": "#d8d8d8",
        },
        Object {
          "marginRight": 5,
        },
      ]
    }
  />
  <Counter
    size={14}
  />
</preventDoubleTap(TouchableOpacity)>
`;
