// Jest Snapshot v1, https://goo.gl/fbAQLP

exports[`Thumb action component renders correctly 1`] = `
<preventDoubleTap(TouchableOpacity)
  onPress={[Function]}
  style={
    Array [
      Object {
        "flex": 1,
      },
      Object {
        "alignContent": "center",
        "alignItems": "center",
        "alignSelf": "center",
        "justifyContent": "center",
      },
      Object {
        "flexDirection": "row",
        "justifyContent": "center",
      },
    ]
  }
  testID="Remind activity button"
>
  <Icon
    allowFontScaling={false}
    name="repeat"
    size={20}
    style={
      Array [
        undefined,
        Object {
          "marginRight": 5,
        },
      ]
    }
  />
  <Counter
    count={0}
    size={14}
  />
</preventDoubleTap(TouchableOpacity)>
`;
