// Jest Snapshot v1, https://goo.gl/fbAQLP

exports[`Activity screen component renders correctly with an entity as param 1`] = `<CenteredLoading />`;

exports[`Activity screen component renders correctly with an entity as param 2`] = `
<View
  style={
    Array [
      Object {
        "flex": 1,
      },
    ]
  }
>
  <CommentList
    entity={
      ActivityModel {
        "__list": null,
        "allow_comments": true,
        "attachment_guid": false,
        "blurb": false,
        "comments:count": undefined,
        "containerObj": undefined,
        "container_guid": "activityguid0",
        "custom_data": false,
        "custom_type": false,
        "description": "Congratulations! ",
        "edited": "",
        "entity_guid": "",
        "guid": "activityguid0",
        "impressions": 0,
        "isOwner": [Function],
        "is_visible": true,
        "mature": false,
        "mature_visibility": false,
        "message": "Message",
        "ownerObj": UserModel {
          "__list": null,
          "admin": false,
          "confirmEmail": [Function],
          "eth_wallet": "",
          "founder": false,
          "guid": "824853017709780997",
          "isOwner": [Function],
          "last_accepted_tos": 0,
          "mature": false,
          "plus": false,
          "rewards": false,
          "subtype": false,
          "time_created": "1522036284",
          "type": "user",
          "urn": "",
          "username": "",
          "verified": false,
        },
        "owner_guid": "824853017709780997",
        "parent_guid": "838106762591510528",
        "paywall": "",
        "paywall_unlocked": false,
        "perma_url": false,
        "permissions": Object {},
        "pinned": false,
        "reminds": 0,
        "rowKey": "something0",
        "shouldBeBlured": [MockFunction],
        "subtype": "",
        "thumbnail_src": false,
        "thumbs:down:count": undefined,
        "thumbs:down:user_guids": undefined,
        "thumbs:up:count": undefined,
        "thumbs:up:user_guids": undefined,
        "time_created": "1522036284",
        "title": "TITLE",
        "type": "activity",
        "urn": "",
        "username": "",
        "wire_totals": Object {
          "tokens": 1000000000000000000,
        },
      }
    }
    header={
      <Activity
        autoHeight={false}
        entity={
          ActivityModel {
            "__list": null,
            "allow_comments": true,
            "attachment_guid": false,
            "blurb": false,
            "comments:count": undefined,
            "containerObj": undefined,
            "container_guid": "activityguid0",
            "custom_data": false,
            "custom_type": false,
            "description": "Congratulations! ",
            "edited": "",
            "entity_guid": "",
            "guid": "activityguid0",
            "impressions": 0,
            "isOwner": [Function],
            "is_visible": true,
            "mature": false,
            "mature_visibility": false,
            "message": "Message",
            "ownerObj": UserModel {
              "__list": null,
              "admin": false,
              "confirmEmail": [Function],
              "eth_wallet": "",
              "founder": false,
              "guid": "824853017709780997",
              "isOwner": [Function],
              "last_accepted_tos": 0,
              "mature": false,
              "plus": false,
              "rewards": false,
              "subtype": false,
              "time_created": "1522036284",
              "type": "user",
              "urn": "",
              "username": "",
              "verified": false,
            },
            "owner_guid": "824853017709780997",
            "parent_guid": "838106762591510528",
            "paywall": "",
            "paywall_unlocked": false,
            "perma_url": false,
            "permissions": Object {},
            "pinned": false,
            "reminds": 0,
            "rowKey": "something0",
            "shouldBeBlured": [MockFunction],
            "subtype": "",
            "thumbnail_src": false,
            "thumbs:down:count": undefined,
            "thumbs:down:user_guids": undefined,
            "thumbs:up:count": undefined,
            "thumbs:up:user_guids": undefined,
            "time_created": "1522036284",
            "title": "TITLE",
            "type": "activity",
            "urn": "",
            "username": "",
            "wire_totals": Object {
              "tokens": 1000000000000000000,
            },
          }
        }
        navigation={
          Object {
            "push": [MockFunction],
          }
        }
      />
    }
    navigation={
      Object {
        "push": [MockFunction],
      }
    }
    onInputFocus={[Function]}
    route={
      Object {
        "params": Object {
          "entity": Object {
            "attachment_guid": false,
            "blurb": false,
            "containerObj": undefined,
            "container_guid": "activityguid0",
            "custom_data": false,
            "custom_type": false,
            "description": "Congratulations! ",
            "edited": "",
            "guid": "activityguid0",
            "mature": false,
            "message": "Message",
            "ownerObj": Object {
              "guid": "824853017709780997",
              "subtype": false,
              "time_created": "1522036284",
              "type": "user",
            },
            "owner_guid": "824853017709780997",
            "parent_guid": "838106762591510528",
            "perma_url": false,
            "rowKey": "something0",
            "shouldBeBlured": [MockFunction],
            "thumbnail_src": false,
            "time_created": "1522036284",
            "title": "TITLE",
            "type": "activity",
            "wire_totals": Object {
              "tokens": 1000000000000000000,
            },
          },
        },
        "routeName": "some",
      }
    }
    store={
      Object {
        "attachment": Object {},
        "comments": Array [
          Object {
            "attachment_guid": false,
            "blurb": false,
            "container_guid": "guid0",
            "custom_data": false,
            "custom_type": false,
            "description": "Congratulations! ",
            "edited": "",
            "guid": "guid0",
            "mature": false,
            "ownerObj": Object {
              "guid": "824853017709780997",
              "subtype": false,
              "time_created": "1522036284",
              "type": "user",
            },
            "owner_guid": "824853017709780997",
            "parent_guid": "838106762591510528",
            "perma_url": false,
            "thumbnail_src": false,
            "type": "comment",
          },
          Object {
            "attachment_guid": false,
            "blurb": false,
            "container_guid": "guid1",
            "custom_data": false,
            "custom_type": false,
            "description": "Congratulations! ",
            "edited": "",
            "guid": "guid1",
            "mature": false,
            "ownerObj": Object {
              "guid": "824853017709780997",
              "subtype": false,
              "time_created": "1522036284",
              "type": "user",
            },
            "owner_guid": "824853017709780997",
            "parent_guid": "838106762591510528",
            "perma_url": false,
            "thumbnail_src": false,
            "type": "comment",
          },
          Object {
            "attachment_guid": false,
            "blurb": false,
            "container_guid": "guid2",
            "custom_data": false,
            "custom_type": false,
            "description": "Congratulations! ",
            "edited": "",
            "guid": "guid2",
            "mature": false,
            "ownerObj": Object {
              "guid": "824853017709780997",
              "subtype": false,
              "time_created": "1522036284",
              "type": "user",
            },
            "owner_guid": "824853017709780997",
            "parent_guid": "838106762591510528",
            "perma_url": false,
            "thumbnail_src": false,
            "type": "comment",
          },
          Object {
            "attachment_guid": false,
            "blurb": false,
            "container_guid": "guid3",
            "custom_data": false,
            "custom_type": false,
            "description": "Congratulations! ",
            "edited": "",
            "guid": "guid3",
            "mature": false,
            "ownerObj": Object {
              "guid": "824853017709780997",
              "subtype": false,
              "time_created": "1522036284",
              "type": "user",
            },
            "owner_guid": "824853017709780997",
            "parent_guid": "838106762591510528",
            "perma_url": false,
            "thumbnail_src": false,
            "type": "comment",
          },
          Object {
            "attachment_guid": false,
            "blurb": false,
            "container_guid": "guid4",
            "custom_data": false,
            "custom_type": false,
            "description": "Congratulations! ",
            "edited": "",
            "guid": "guid4",
            "mature": false,
            "ownerObj": Object {
              "guid": "824853017709780997",
              "subtype": false,
              "time_created": "1522036284",
              "type": "user",
            },
            "owner_guid": "824853017709780997",
            "parent_guid": "838106762591510528",
            "perma_url": false,
            "thumbnail_src": false,
            "type": "comment",
          },
        ],
        "embed": RichEmbedStore {
          "_richEmbedFetchTimer": null,
          "clearRichEmbedAction": [Function],
          "richEmbedUrl": "",
          "setRichEmbedPromise": null,
        },
        "loadComments": [Function],
        "loadNext": "aaaaaa",
        "loadPrevious": "aaaaaa",
        "post": [Function],
        "setText": [Function],
      }
    }
  />
</View>
`;
