// Jest Snapshot v1, https://goo.gl/fbAQLP

exports[`Activity component renders correctly 1`] = `
<View
  onLayout={[Function]}
  style={
    Array [
      Object {
        "overflow": "visible",
      },
      undefined,
      undefined,
      undefined,
    ]
  }
  testID="ActivityView"
>
  <Pinned
    entity={
      ActivityModel {
        "__list": null,
        "allow_comments": true,
        "attachment_guid": false,
        "blurb": false,
        "comments:count": undefined,
        "containerObj": undefined,
        "container_guid": "activityguid0",
        "custom_data": false,
        "custom_type": false,
        "description": "Congratulations! ",
        "edited": "",
        "entity_guid": "",
        "guid": "activityguid0",
        "impressions": 0,
        "isOwner": [Function],
        "is_visible": true,
        "mature": false,
        "mature_visibility": false,
        "message": "Message",
        "ownerObj": UserModel {
          "__list": null,
          "admin": false,
          "confirmEmail": [Function],
          "eth_wallet": "",
          "founder": false,
          "guid": "824853017709780997",
          "isOwner": [Function],
          "last_accepted_tos": 0,
          "mature": false,
          "plus": false,
          "rewards": false,
          "subtype": false,
          "time_created": "1522036284",
          "type": "user",
          "urn": "",
          "username": "",
          "verified": false,
        },
        "owner_guid": "824853017709780997",
        "parent_guid": "838106762591510528",
        "paywall": "",
        "paywall_unlocked": false,
        "perma_url": false,
        "permissions": Object {},
        "pinned": false,
        "reminds": 0,
        "rowKey": "something0",
        "shouldBeBlured": [MockFunction] {
          "calls": Array [
            Array [],
          ],
          "results": Array [
            Object {
              "type": "return",
              "value": undefined,
            },
          ],
        },
        "subtype": "",
        "thumbnail_src": false,
        "thumbs:down:count": undefined,
        "thumbs:down:user_guids": undefined,
        "thumbs:up:count": undefined,
        "thumbs:up:user_guids": undefined,
        "time_created": "1522036284",
        "title": "TITLE",
        "type": "activity",
        "urn": "",
        "username": "",
        "wire_totals": Object {
          "tokens": 1000000000000000000,
        },
      }
    }
  />
  <OwnerBlock
    entity={
      ActivityModel {
        "__list": null,
        "allow_comments": true,
        "attachment_guid": false,
        "blurb": false,
        "comments:count": undefined,
        "containerObj": undefined,
        "container_guid": "activityguid0",
        "custom_data": false,
        "custom_type": false,
        "description": "Congratulations! ",
        "edited": "",
        "entity_guid": "",
        "guid": "activityguid0",
        "impressions": 0,
        "isOwner": [Function],
        "is_visible": true,
        "mature": false,
        "mature_visibility": false,
        "message": "Message",
        "ownerObj": UserModel {
          "__list": null,
          "admin": false,
          "confirmEmail": [Function],
          "eth_wallet": "",
          "founder": false,
          "guid": "824853017709780997",
          "isOwner": [Function],
          "last_accepted_tos": 0,
          "mature": false,
          "plus": false,
          "rewards": false,
          "subtype": false,
          "time_created": "1522036284",
          "type": "user",
          "urn": "",
          "username": "",
          "verified": false,
        },
        "owner_guid": "824853017709780997",
        "parent_guid": "838106762591510528",
        "paywall": "",
        "paywall_unlocked": false,
        "perma_url": false,
        "permissions": Object {},
        "pinned": false,
        "reminds": 0,
        "rowKey": "something0",
        "shouldBeBlured": [MockFunction] {
          "calls": Array [
            Array [],
          ],
          "results": Array [
            Object {
              "type": "return",
              "value": undefined,
            },
          ],
        },
        "subtype": "",
        "thumbnail_src": false,
        "thumbs:down:count": undefined,
        "thumbs:down:user_guids": undefined,
        "thumbs:up:count": undefined,
        "thumbs:up:user_guids": undefined,
        "time_created": "1522036284",
        "title": "TITLE",
        "type": "activity",
        "urn": "",
        "username": "",
        "wire_totals": Object {
          "tokens": 1000000000000000000,
        },
      }
    }
    navigation={
      Object {
        "navigate": [MockFunction],
        "push": [MockFunction],
      }
    }
    rightToolbar={
      <View
        style={
          Object {
            "alignSelf": "flex-end",
            "position": "absolute",
            "right": 10,
            "top": 20,
          }
        }
      >
        <ActivityActionSheet
          entity={
            ActivityModel {
              "__list": null,
              "allow_comments": true,
              "attachment_guid": false,
              "blurb": false,
              "comments:count": undefined,
              "containerObj": undefined,
              "container_guid": "activityguid0",
              "custom_data": false,
              "custom_type": false,
              "description": "Congratulations! ",
              "edited": "",
              "entity_guid": "",
              "guid": "activityguid0",
              "impressions": 0,
              "isOwner": [Function],
              "is_visible": true,
              "mature": false,
              "mature_visibility": false,
              "message": "Message",
              "ownerObj": UserModel {
                "__list": null,
                "admin": false,
                "confirmEmail": [Function],
                "eth_wallet": "",
                "founder": false,
                "guid": "824853017709780997",
                "isOwner": [Function],
                "last_accepted_tos": 0,
                "mature": false,
                "plus": false,
                "rewards": false,
                "subtype": false,
                "time_created": "1522036284",
                "type": "user",
                "urn": "",
                "username": "",
                "verified": false,
              },
              "owner_guid": "824853017709780997",
              "parent_guid": "838106762591510528",
              "paywall": "",
              "paywall_unlocked": false,
              "perma_url": false,
              "permissions": Object {},
              "pinned": false,
              "reminds": 0,
              "rowKey": "something0",
              "shouldBeBlured": [MockFunction] {
                "calls": Array [
                  Array [],
                ],
                "results": Array [
                  Object {
                    "type": "return",
                    "value": undefined,
                  },
                ],
              },
              "subtype": "",
              "thumbnail_src": false,
              "thumbs:down:count": undefined,
              "thumbs:down:user_guids": undefined,
              "thumbs:up:count": undefined,
              "thumbs:up:user_guids": undefined,
              "time_created": "1522036284",
              "title": "TITLE",
              "type": "activity",
              "urn": "",
              "username": "",
              "wire_totals": Object {
                "tokens": 1000000000000000000,
              },
            }
          }
          navigation={
            Object {
              "navigate": [MockFunction],
              "push": [MockFunction],
            }
          }
          onTranslate={[Function]}
          testID=""
          toggleEdit={[Function]}
        />
      </View>
    }
  >
    <TouchableOpacity
      activeOpacity={0.2}
      onPress={[Function]}
    >
      <Text
        style={
          Array [
            Object {
              "color": "#888",
              "fontSize": 12,
            },
            Object {
              "paddingRight": 5,
            },
            undefined,
          ]
        }
      >
        2y ago
      </Text>
    </TouchableOpacity>
  </OwnerBlock>
  <View
    style={
      Object {
        "padding": 10,
        "paddingTop": 0,
      }
    }
  >
    <ExplicitText
      entity={
        ActivityModel {
          "__list": null,
          "allow_comments": true,
          "attachment_guid": false,
          "blurb": false,
          "comments:count": undefined,
          "containerObj": undefined,
          "container_guid": "activityguid0",
          "custom_data": false,
          "custom_type": false,
          "description": "Congratulations! ",
          "edited": "",
          "entity_guid": "",
          "guid": "activityguid0",
          "impressions": 0,
          "isOwner": [Function],
          "is_visible": true,
          "mature": false,
          "mature_visibility": false,
          "message": "Message",
          "ownerObj": UserModel {
            "__list": null,
            "admin": false,
            "confirmEmail": [Function],
            "eth_wallet": "",
            "founder": false,
            "guid": "824853017709780997",
            "isOwner": [Function],
            "last_accepted_tos": 0,
            "mature": false,
            "plus": false,
            "rewards": false,
            "subtype": false,
            "time_created": "1522036284",
            "type": "user",
            "urn": "",
            "username": "",
            "verified": false,
          },
          "owner_guid": "824853017709780997",
          "parent_guid": "838106762591510528",
          "paywall": "",
          "paywall_unlocked": false,
          "perma_url": false,
          "permissions": Object {},
          "pinned": false,
          "reminds": 0,
          "rowKey": "something0",
          "shouldBeBlured": [MockFunction] {
            "calls": Array [
              Array [],
            ],
            "results": Array [
              Object {
                "type": "return",
                "value": undefined,
              },
            ],
          },
          "subtype": "",
          "thumbnail_src": false,
          "thumbs:down:count": undefined,
          "thumbs:down:user_guids": undefined,
          "thumbs:up:count": undefined,
          "thumbs:up:user_guids": undefined,
          "time_created": "1522036284",
          "title": "TITLE",
          "type": "activity",
          "urn": "",
          "username": "",
          "wire_totals": Object {
            "tokens": 1000000000000000000,
          },
        }
      }
      navigation={
        Object {
          "navigate": [MockFunction],
          "push": [MockFunction],
        }
      }
      style={
        Object {
          "fontFamily": "Roboto",
          "fontSize": 15,
        }
      }
    />
    <Translate
      entity={
        ActivityModel {
          "__list": null,
          "allow_comments": true,
          "attachment_guid": false,
          "blurb": false,
          "comments:count": undefined,
          "containerObj": undefined,
          "container_guid": "activityguid0",
          "custom_data": false,
          "custom_type": false,
          "description": "Congratulations! ",
          "edited": "",
          "entity_guid": "",
          "guid": "activityguid0",
          "impressions": 0,
          "isOwner": [Function],
          "is_visible": true,
          "mature": false,
          "mature_visibility": false,
          "message": "Message",
          "ownerObj": UserModel {
            "__list": null,
            "admin": false,
            "confirmEmail": [Function],
            "eth_wallet": "",
            "founder": false,
            "guid": "824853017709780997",
            "isOwner": [Function],
            "last_accepted_tos": 0,
            "mature": false,
            "plus": false,
            "rewards": false,
            "subtype": false,
            "time_created": "1522036284",
            "type": "user",
            "urn": "",
            "username": "",
            "verified": false,
          },
          "owner_guid": "824853017709780997",
          "parent_guid": "838106762591510528",
          "paywall": "",
          "paywall_unlocked": false,
          "perma_url": false,
          "permissions": Object {},
          "pinned": false,
          "reminds": 0,
          "rowKey": "something0",
          "shouldBeBlured": [MockFunction] {
            "calls": Array [
              Array [],
            ],
            "results": Array [
              Object {
                "type": "return",
                "value": undefined,
              },
            ],
          },
          "subtype": "",
          "thumbnail_src": false,
          "thumbs:down:count": undefined,
          "thumbs:down:user_guids": undefined,
          "thumbs:up:count": undefined,
          "thumbs:up:user_guids": undefined,
          "time_created": "1522036284",
          "title": "TITLE",
          "type": "activity",
          "urn": "",
          "username": "",
          "wire_totals": Object {
            "tokens": 1000000000000000000,
          },
        }
      }
      style={
        Object {
          "fontFamily": "Roboto",
          "fontSize": 15,
        }
      }
    />
  </View>
  <View>
    <MediaView
      entity={
        ActivityModel {
          "__list": null,
          "allow_comments": true,
          "attachment_guid": false,
          "blurb": false,
          "comments:count": undefined,
          "containerObj": undefined,
          "container_guid": "activityguid0",
          "custom_data": false,
          "custom_type": false,
          "description": "Congratulations! ",
          "edited": "",
          "entity_guid": "",
          "guid": "activityguid0",
          "impressions": 0,
          "isOwner": [Function],
          "is_visible": true,
          "mature": false,
          "mature_visibility": false,
          "message": "Message",
          "ownerObj": UserModel {
            "__list": null,
            "admin": false,
            "confirmEmail": [Function],
            "eth_wallet": "",
            "founder": false,
            "guid": "824853017709780997",
            "isOwner": [Function],
            "last_accepted_tos": 0,
            "mature": false,
            "plus": false,
            "rewards": false,
            "subtype": false,
            "time_created": "1522036284",
            "type": "user",
            "urn": "",
            "username": "",
            "verified": false,
          },
          "owner_guid": "824853017709780997",
          "parent_guid": "838106762591510528",
          "paywall": "",
          "paywall_unlocked": false,
          "perma_url": false,
          "permissions": Object {},
          "pinned": false,
          "reminds": 0,
          "rowKey": "something0",
          "shouldBeBlured": [MockFunction] {
            "calls": Array [
              Array [],
            ],
            "results": Array [
              Object {
                "type": "return",
                "value": undefined,
              },
            ],
          },
          "subtype": "",
          "thumbnail_src": false,
          "thumbs:down:count": undefined,
          "thumbs:down:user_guids": undefined,
          "thumbs:up:count": undefined,
          "thumbs:up:user_guids": undefined,
          "time_created": "1522036284",
          "title": "TITLE",
          "type": "activity",
          "urn": "",
          "username": "",
          "wire_totals": Object {
            "tokens": 1000000000000000000,
          },
        }
      }
      navigation={
        Object {
          "navigate": [MockFunction],
          "push": [MockFunction],
        }
      }
      style={
        Object {
          "flex": 1,
        }
      }
      width={750}
    />
  </View>
  <Actions
    entity={
      ActivityModel {
        "__list": null,
        "allow_comments": true,
        "attachment_guid": false,
        "blurb": false,
        "comments:count": undefined,
        "containerObj": undefined,
        "container_guid": "activityguid0",
        "custom_data": false,
        "custom_type": false,
        "description": "Congratulations! ",
        "edited": "",
        "entity_guid": "",
        "guid": "activityguid0",
        "impressions": 0,
        "isOwner": [Function],
        "is_visible": true,
        "mature": false,
        "mature_visibility": false,
        "message": "Message",
        "ownerObj": UserModel {
          "__list": null,
          "admin": false,
          "confirmEmail": [Function],
          "eth_wallet": "",
          "founder": false,
          "guid": "824853017709780997",
          "isOwner": [Function],
          "last_accepted_tos": 0,
          "mature": false,
          "plus": false,
          "rewards": false,
          "subtype": false,
          "time_created": "1522036284",
          "type": "user",
          "urn": "",
          "username": "",
          "verified": false,
        },
        "owner_guid": "824853017709780997",
        "parent_guid": "838106762591510528",
        "paywall": "",
        "paywall_unlocked": false,
        "perma_url": false,
        "permissions": Object {},
        "pinned": false,
        "reminds": 0,
        "rowKey": "something0",
        "shouldBeBlured": [MockFunction] {
          "calls": Array [
            Array [],
          ],
          "results": Array [
            Object {
              "type": "return",
              "value": undefined,
            },
          ],
        },
        "subtype": "",
        "thumbnail_src": false,
        "thumbs:down:count": undefined,
        "thumbs:down:user_guids": undefined,
        "thumbs:up:count": undefined,
        "thumbs:up:user_guids": undefined,
        "time_created": "1522036284",
        "title": "TITLE",
        "type": "activity",
        "urn": "",
        "username": "",
        "wire_totals": Object {
          "tokens": 1000000000000000000,
        },
      }
    }
    navigation={
      Object {
        "navigate": [MockFunction],
        "push": [MockFunction],
      }
    }
  />
  <ActivityMetrics
    entity={
      ActivityModel {
        "__list": null,
        "allow_comments": true,
        "attachment_guid": false,
        "blurb": false,
        "comments:count": undefined,
        "containerObj": undefined,
        "container_guid": "activityguid0",
        "custom_data": false,
        "custom_type": false,
        "description": "Congratulations! ",
        "edited": "",
        "entity_guid": "",
        "guid": "activityguid0",
        "impressions": 0,
        "isOwner": [Function],
        "is_visible": true,
        "mature": false,
        "mature_visibility": false,
        "message": "Message",
        "ownerObj": UserModel {
          "__list": null,
          "admin": false,
          "confirmEmail": [Function],
          "eth_wallet": "",
          "founder": false,
          "guid": "824853017709780997",
          "isOwner": [Function],
          "last_accepted_tos": 0,
          "mature": false,
          "plus": false,
          "rewards": false,
          "subtype": false,
          "time_created": "1522036284",
          "type": "user",
          "urn": "",
          "username": "",
          "verified": false,
        },
        "owner_guid": "824853017709780997",
        "parent_guid": "838106762591510528",
        "paywall": "",
        "paywall_unlocked": false,
        "perma_url": false,
        "permissions": Object {},
        "pinned": false,
        "reminds": 0,
        "rowKey": "something0",
        "shouldBeBlured": [MockFunction] {
          "calls": Array [
            Array [],
          ],
          "results": Array [
            Object {
              "type": "return",
              "value": undefined,
            },
          ],
        },
        "subtype": "",
        "thumbnail_src": false,
        "thumbs:down:count": undefined,
        "thumbs:down:user_guids": undefined,
        "thumbs:up:count": undefined,
        "thumbs:up:user_guids": undefined,
        "time_created": "1522036284",
        "title": "TITLE",
        "type": "activity",
        "urn": "",
        "username": "",
        "wire_totals": Object {
          "tokens": 1000000000000000000,
        },
      }
    }
  />
</View>
`;
