// Jest Snapshot v1, https://goo.gl/fbAQLP

exports[`ForgotScreen component should renders correctly 1`] = `
<View
  onLayout={[Function]}
  style={
    Array [
      Array [
        undefined,
        undefined,
      ],
      Object {
        "paddingBottom": 0,
      },
    ]
  }
>
  <View
    style={
      Array [
        undefined,
        undefined,
      ]
    }
  >
    <RCTSafeAreaView
      emulateUnlessSupported={true}
    >
      <Text
        style={
          Array [
            undefined,
            undefined,
            undefined,
            undefined,
          ]
        }
      >
        Forgot your password?
      </Text>
      <Text
        style={
          Array [
            undefined,
            undefined,
            undefined,
            undefined,
          ]
        }
      >
        To request a new password, enter your username
      </Text>
      <View>
        <View
          style={
            Array [
              Object {
                "flexDirection": "row",
                "justifyContent": "space-between",
              },
            ]
          }
        >
          <View
            style={
              Object {
                "flexDirection": "row",
                "justifyContent": "space-between",
              }
            }
          >
            <Text
              style={
                Array [
                  Object {
                    "color": "#AEB0B8",
                    "fontFamily": "Roboto",
                    "fontSize": 16,
                    "fontWeight": "600",
                    "marginBottom": 5,
                  },
                  undefined,
                ]
              }
            >
              Username
            </Text>
          </View>
        </View>
        <TextInput
          allowFontScaling={true}
          autoCapitalize="none"
          editable={false}
          onChangeText={[Function]}
          placeholder=""
          placeholderTextColor="#444"
          rejectResponderTermination={true}
          returnKeyType="done"
          style={
            Array [
              undefined,
              undefined,
            ]
          }
          underlineColorAndroid="transparent"
          value=""
        />
      </View>
      <View
        style={
          Array [
            undefined,
            undefined,
          ]
        }
      >
        <View
          accessible={true}
          focusable={true}
          isTVSelectable={true}
          onClick={[Function]}
          onResponderGrant={[Function]}
          onResponderMove={[Function]}
          onResponderRelease={[Function]}
          onResponderTerminate={[Function]}
          onResponderTerminationRequest={[Function]}
          onStartShouldSetResponder={[Function]}
          style={
            Object {
              "backgroundColor": "#5DBAC0",
              "borderRadius": 36,
              "opacity": 1,
            }
          }
        >
          <Text
            style={
              Array [
                Object {
                  "color": "white",
                },
                undefined,
              ]
            }
          >
             
            Go back
             
          </Text>
        </View>
        <View
          accessible={true}
          focusable={true}
          isTVSelectable={true}
          onClick={[Function]}
          onResponderGrant={[Function]}
          onResponderMove={[Function]}
          onResponderRelease={[Function]}
          onResponderTerminate={[Function]}
          onResponderTerminationRequest={[Function]}
          onStartShouldSetResponder={[Function]}
          style={
            Object {
              "backgroundColor": "#5DBAC0",
              "borderRadius": 36,
              "opacity": 1,
            }
          }
        >
          <Text
            style={
              Array [
                Object {
                  "color": "white",
                },
                undefined,
              ]
            }
          >
             
            Continue
             
          </Text>
        </View>
      </View>
    </RCTSafeAreaView>
  </View>
</View>
`;
