// Jest Snapshot v1, https://goo.gl/fbAQLP

exports[`LoginScreen component should renders correctly 1`] = `
<View
  onLayout={[Function]}
  style={
    Array [
      Array [
        undefined,
        undefined,
      ],
      Object {
        "paddingBottom": 0,
      },
    ]
  }
>
  <View
    style={
      Array [
        undefined,
        undefined,
        undefined,
      ]
    }
  >
    <View
      accessible={true}
      focusable={true}
      isTVSelectable={true}
      onClick={[Function]}
      onResponderGrant={[Function]}
      onResponderMove={[Function]}
      onResponderRelease={[Function]}
      onResponderTerminate={[Function]}
      onResponderTerminationRequest={[Function]}
      onStartShouldSetResponder={[Function]}
      style={
        Object {
          "opacity": 1,
        }
      }
      testID="registerButton"
    >
      <View>
        <Text
          style={
            Array [
              undefined,
              undefined,
            ]
          }
        >
          Don't have an account?
        </Text>
        <Text
          style={
            Array [
              undefined,
              undefined,
            ]
          }
        >
          Join Minds Now
        </Text>
      </View>
    </View>
  </View>
</View>
`;
