// Jest Snapshot v1, https://goo.gl/fbAQLP

exports[`LoginForm component should renders correctly 1`] = `
<View
  style={
    Array [
      undefined,
      undefined,
    ]
  }
>
  <Text
    style={
      Array [
        undefined,
        undefined,
        undefined,
      ]
    }
  >
    Login
  </Text>
  <View>
    <View
      style={
        Array [
          Object {
            "flexDirection": "row",
            "justifyContent": "space-between",
          },
        ]
      }
    >
      <View
        style={
          Object {
            "flexDirection": "row",
            "justifyContent": "space-between",
          }
        }
      >
        <Text
          style={
            Array [
              Object {
                "color": "#AEB0B8",
                "fontFamily": "Roboto",
                "fontSize": 16,
                "fontWeight": "600",
                "marginBottom": 5,
              },
              undefined,
            ]
          }
        >
          Username
        </Text>
      </View>
    </View>
    <TextInput
      allowFontScaling={true}
      autoCapitalize="none"
      editable={false}
      onChangeText={[Function]}
      placeholder=""
      placeholderTextColor="#444"
      rejectResponderTermination={true}
      returnKeyType="done"
      style={
        Array [
          undefined,
          undefined,
        ]
      }
      testID="usernameInput"
      underlineColorAndroid="transparent"
      value=""
    />
  </View>
  <View>
    <View>
      <View
        style={
          Array [
            Object {
              "flexDirection": "row",
              "justifyContent": "space-between",
            },
          ]
        }
      >
        <View
          style={
            Object {
              "flexDirection": "row",
              "justifyContent": "space-between",
            }
          }
        >
          <Text
            style={
              Array [
                Object {
                  "color": "#AEB0B8",
                  "fontFamily": "Roboto",
                  "fontSize": 16,
                  "fontWeight": "600",
                  "marginBottom": 5,
                },
                undefined,
              ]
            }
          >
            Password
          </Text>
        </View>
      </View>
      <TextInput
        allowFontScaling={true}
        autoCapitalize="none"
        editable={false}
        onChangeText={[Function]}
        placeholder=""
        placeholderTextColor="#444"
        rejectResponderTermination={true}
        returnKeyType="done"
        secureTextEntry={true}
        style={
          Array [
            undefined,
            undefined,
          ]
        }
        testID="userPasswordInput"
        underlineColorAndroid="transparent"
        value=""
      />
    </View>
    <Text
      allowFontScaling={false}
      onPress={[Function]}
      style={
        Array [
          Object {
            "color": undefined,
            "fontSize": 25,
          },
          undefined,
          Object {
            "fontFamily": "Ionicons",
            "fontStyle": "normal",
            "fontWeight": "normal",
          },
          Object {},
        ]
      }
    >
      ï‹©
    </Text>
  </View>
  <View
    accessible={true}
    focusable={true}
    isTVSelectable={true}
    onClick={[Function]}
    onResponderGrant={[Function]}
    onResponderMove={[Function]}
    onResponderRelease={[Function]}
    onResponderTerminate={[Function]}
    onResponderTerminationRequest={[Function]}
    onStartShouldSetResponder={[Function]}
    style={
      Object {
        "backgroundColor": "#5DBAC0",
        "borderRadius": 36,
        "opacity": 1,
      }
    }
    testID="loginButton"
  >
    <Text
      style={
        Array [
          Object {
            "color": "white",
          },
          undefined,
        ]
      }
    >
       
      Login
       
    </Text>
  </View>
  <View>
    <Text
      onPress={[Function]}
      style={
        Array [
          undefined,
          undefined,
        ]
      }
    >
      Forgot your password?
    </Text>
  </View>
</View>
`;
