// Jest Snapshot v1, https://goo.gl/fbAQLP

exports[`RegisterScreen component should renders correctly 1`] = `
<View
  style={
    Array [
      undefined,
    ]
  }
>
  <RegisterForm
    onBack={[Function]}
    onRegister={[Function]}
  />
</View>
`;
