// Jest Snapshot v1, https://goo.gl/fbAQLP

exports[`renders correctly 1`] = `
<View
  accessible={true}
  focusable={false}
  isTVSelectable={true}
  onClick={[Function]}
  onResponderGrant={[Function]}
  onResponderMove={[Function]}
  onResponderRelease={[Function]}
  onResponderTerminate={[Function]}
  onResponderTerminationRequest={[Function]}
  onStartShouldSetResponder={[Function]}
  style={
    Object {
      "backgroundColor": "#5DBAC0",
      "borderRadius": 36,
      "opacity": 1,
    }
  }
>
  <Text
    style={
      Array [
        Object {
          "color": "white",
        },
        undefined,
      ]
    }
  >
     
    hello
     
  </Text>
</View>
`;
