// Jest Snapshot v1, https://goo.gl/fbAQLP

exports[`Explicit text component renders correctly 1`] = `
<View
  style={
    Object {
      "flex": 1,
    }
  }
>
  <Tags
    style={
      Array [
        undefined,
        undefined,
        Object {
          "fontWeight": "bold",
        },
      ]
    }
  >
    TITLE
  </Tags>
  <Tags>
    Message
  </Tags>
</View>
`;
